// Jest Snapshot v1, https://goo.gl/fbAQLP

exports[`The component is rendered correctly Catalog correctly renders with transferrd mock data 1`] = `
<section
  className="catalog"
>
  <h2
    className="catalog__title visually-hidden"
  >
    Catalog
  </h2>
  <ul
    className="catalog__genres-list"
  >
    <li
      className="catalog__genres-item catalog__genres-item--active"
    >
      <a
        className="catalog__genres-link"
        href="#"
        onClick={[Function]}
      >
        All genres
      </a>
    </li>
    <li
      className="catalog__genres-item "
    >
      <a
        className="catalog__genres-link"
        href="#"
        onClick={[Function]}
      >
        Crime
      </a>
    </li>
    <li
      className="catalog__genres-item "
    >
      <a
        className="catalog__genres-link"
        href="#"
        onClick={[Function]}
      >
        Comedies
      </a>
    </li>
  </ul>
  <div
    className="catalog__movies-list"
  >
    <article
      className="small-movie-card catalog__movies-card"
      onMouseEnter={[Function]}
      onMouseLeave={[Function]}
    >
      <div
        className="small-movie-card__image"
        onMouseLeave={[Function]}
      >
        <video
          style={
            Object {
              "height": "100%",
              "objectFit": "fill",
              "width": "100%",
            }
          }
        />
      </div>
      <h3
        className="small-movie-card__title"
        onClick={[Function]}
      >
        <a
          className="small-movie-card__link"
          href="/films#d90f:fc74:a512:6497:6aab:537:251c:c35a"
        >
          Johnny English
        </a>
      </h3>
    </article>
    <article
      className="small-movie-card catalog__movies-card"
      onMouseEnter={[Function]}
      onMouseLeave={[Function]}
    >
      <div
        className="small-movie-card__image"
        onMouseLeave={[Function]}
      >
        <video
          style={
            Object {
              "height": "100%",
              "objectFit": "fill",
              "width": "100%",
            }
          }
        />
      </div>
      <h3
        className="small-movie-card__title"
        onClick={[Function]}
      >
        <a
          className="small-movie-card__link"
          href="/films#94b2:9524:2d16:7525:dcb8:9540:7ba0:3afc"
        >
          Snatch
        </a>
      </h3>
    </article>
  </div>
  <div
    className="catalog__more"
  >
    <button
      className="catalog__button visually-hidden"
      onClick={[Function]}
      type="button"
    >
      Show more
    </button>
  </div>
</section>
`;
