// Jest Snapshot v1, https://goo.gl/fbAQLP

exports[`The component with video is rendered correctly With video correctly renders 1`] = `<div />`;
