// Jest Snapshot v1, https://goo.gl/fbAQLP

exports[`The component is rendered correctly Video player correctly renders with transferred mock data 1`] = `
<div
  className="small-movie-card__image"
/>
`;
