// Jest Snapshot v1, https://goo.gl/fbAQLP

exports[`The component is rendered correctly Movie-card-bg correctly renders with transferred mock data 1`] = `
<div
  className="movie-card__bg"
>
  <img
    alt="Johnny English"
    src="img/bg-the-grand-budapest-hotel.jpg"
  />
</div>
`;
